Component: Arm Compiler for Embedded 6.22 Tool: armlink [5ee90200]

==============================================================================

Section Cross References

    main.o(.text.main) refers to spwm.o(.text.SPWM_Init) for SPWM_Init
    main.o(.ARM.exidx.text.main) refers to main.o(.text.main) for [Anonymous Symbol]
    spwm.o(.text.SPWM_Struct_Init) refers to spwm.o(.bss.SPWM) for SPWM
    spwm.o(.ARM.exidx.text.SPWM_Struct_Init) refers to spwm.o(.text.SPWM_Struct_Init) for [Anonymous Symbol]
    spwm.o(.ARM.exidx.text.SPWM_GPIO_Init) refers to spwm.o(.text.SPWM_GPIO_Init) for [Anonymous Symbol]
    spwm.o(.ARM.exidx.text.SPWM_PWM_Timer_Init) refers to spwm.o(.text.SPWM_PWM_Timer_Init) for [Anonymous Symbol]
    spwm.o(.text.SPWM_Sequencer_Timer_Init) refers to spwm.o(.text.__NVIC_EnableIRQ) for __NVIC_EnableIRQ
    spwm.o(.text.SPWM_Sequencer_Timer_Init) refers to spwm.o(.text.__NVIC_SetPriority) for __NVIC_SetPriority
    spwm.o(.ARM.exidx.text.SPWM_Sequencer_Timer_Init) refers to spwm.o(.text.SPWM_Sequencer_Timer_Init) for [Anonymous Symbol]
    spwm.o(.ARM.exidx.text.__NVIC_EnableIRQ) refers to spwm.o(.text.__NVIC_EnableIRQ) for [Anonymous Symbol]
    spwm.o(.ARM.exidx.text.__NVIC_SetPriority) refers to spwm.o(.text.__NVIC_SetPriority) for [Anonymous Symbol]
    spwm.o(.text.SPWM_Sine_Table_Init) refers to spwm.o(.bss.SPWM) for SPWM
    spwm.o(.text.SPWM_Sine_Table_Init) refers to sinf.o(i.__hardfp_sinf) for __hardfp_sinf
    spwm.o(.ARM.exidx.text.SPWM_Sine_Table_Init) refers to spwm.o(.text.SPWM_Sine_Table_Init) for [Anonymous Symbol]
    spwm.o(.ARM.exidx.text.SPWM_Output1H_General_Purpose_Output_Low) refers to spwm.o(.text.SPWM_Output1H_General_Purpose_Output_Low) for [Anonymous Symbol]
    spwm.o(.ARM.exidx.text.SPWM_Output1L_General_Purpose_Output_Low) refers to spwm.o(.text.SPWM_Output1L_General_Purpose_Output_Low) for [Anonymous Symbol]
    spwm.o(.ARM.exidx.text.SPWM_Output2H_General_Purpose_Output_Low) refers to spwm.o(.text.SPWM_Output2H_General_Purpose_Output_Low) for [Anonymous Symbol]
    spwm.o(.ARM.exidx.text.SPWM_Output2L_General_Purpose_Output_Low) refers to spwm.o(.text.SPWM_Output2L_General_Purpose_Output_Low) for [Anonymous Symbol]
    spwm.o(.ARM.exidx.text.SPWM_Output1H_General_Purpose_Output_High) refers to spwm.o(.text.SPWM_Output1H_General_Purpose_Output_High) for [Anonymous Symbol]
    spwm.o(.ARM.exidx.text.SPWM_Output1L_General_Purpose_Output_High) refers to spwm.o(.text.SPWM_Output1L_General_Purpose_Output_High) for [Anonymous Symbol]
    spwm.o(.ARM.exidx.text.SPWM_Output2H_General_Purpose_Output_High) refers to spwm.o(.text.SPWM_Output2H_General_Purpose_Output_High) for [Anonymous Symbol]
    spwm.o(.ARM.exidx.text.SPWM_Output2L_General_Purpose_Output_High) refers to spwm.o(.text.SPWM_Output2L_General_Purpose_Output_High) for [Anonymous Symbol]
    spwm.o(.ARM.exidx.text.SPWM_Output1H_Alternate_Function) refers to spwm.o(.text.SPWM_Output1H_Alternate_Function) for [Anonymous Symbol]
    spwm.o(.ARM.exidx.text.SPWM_Output1L_Alternate_Function) refers to spwm.o(.text.SPWM_Output1L_Alternate_Function) for [Anonymous Symbol]
    spwm.o(.ARM.exidx.text.SPWM_Output2H_Alternate_Function) refers to spwm.o(.text.SPWM_Output2H_Alternate_Function) for [Anonymous Symbol]
    spwm.o(.ARM.exidx.text.SPWM_Output2L_Alternate_Function) refers to spwm.o(.text.SPWM_Output2L_Alternate_Function) for [Anonymous Symbol]
    spwm.o(.text.SPWM_All_Output_Disable) refers to spwm.o(.text.SPWM_Output1H_General_Purpose_Output_Low) for SPWM_Output1H_General_Purpose_Output_Low
    spwm.o(.text.SPWM_All_Output_Disable) refers to spwm.o(.text.SPWM_Output1L_General_Purpose_Output_Low) for SPWM_Output1L_General_Purpose_Output_Low
    spwm.o(.text.SPWM_All_Output_Disable) refers to spwm.o(.text.SPWM_Output2H_General_Purpose_Output_Low) for SPWM_Output2H_General_Purpose_Output_Low
    spwm.o(.text.SPWM_All_Output_Disable) refers to spwm.o(.text.SPWM_Output2L_General_Purpose_Output_Low) for SPWM_Output2L_General_Purpose_Output_Low
    spwm.o(.ARM.exidx.text.SPWM_All_Output_Disable) refers to spwm.o(.text.SPWM_All_Output_Disable) for [Anonymous Symbol]
    spwm.o(.text.SPWM_Set_Val) refers to spwm.o(.bss.SPWM) for SPWM
    spwm.o(.ARM.exidx.text.SPWM_Set_Val) refers to spwm.o(.text.SPWM_Set_Val) for [Anonymous Symbol]
    spwm.o(.text.SPWM_Update) refers to spwm.o(.bss.SPWM) for SPWM
    spwm.o(.text.SPWM_Update) refers to spwm.o(.text.SPWM_All_Output_Disable) for SPWM_All_Output_Disable
    spwm.o(.text.SPWM_Update) refers to spwm.o(.text.SPWM_Output2L_General_Purpose_Output_High) for SPWM_Output2L_General_Purpose_Output_High
    spwm.o(.text.SPWM_Update) refers to spwm.o(.text.SPWM_Output1H_Alternate_Function) for SPWM_Output1H_Alternate_Function
    spwm.o(.text.SPWM_Update) refers to spwm.o(.text.SPWM_Output1L_Alternate_Function) for SPWM_Output1L_Alternate_Function
    spwm.o(.text.SPWM_Update) refers to spwm.o(.text.SPWM_Output1L_General_Purpose_Output_High) for SPWM_Output1L_General_Purpose_Output_High
    spwm.o(.text.SPWM_Update) refers to spwm.o(.text.SPWM_Output2H_Alternate_Function) for SPWM_Output2H_Alternate_Function
    spwm.o(.text.SPWM_Update) refers to spwm.o(.text.SPWM_Output2L_Alternate_Function) for SPWM_Output2L_Alternate_Function
    spwm.o(.text.SPWM_Update) refers to spwm.o(.text.SPWM_Set_Val) for SPWM_Set_Val
    spwm.o(.ARM.exidx.text.SPWM_Update) refers to spwm.o(.text.SPWM_Update) for [Anonymous Symbol]
    spwm.o(.text.TIM4_IRQHandler) refers to spwm.o(.text.SPWM_Update) for SPWM_Update
    spwm.o(.ARM.exidx.text.TIM4_IRQHandler) refers to spwm.o(.text.TIM4_IRQHandler) for [Anonymous Symbol]
    spwm.o(.text.SPWM_Init) refers to spwm.o(.text.SPWM_Struct_Init) for SPWM_Struct_Init
    spwm.o(.text.SPWM_Init) refers to spwm.o(.text.SPWM_GPIO_Init) for SPWM_GPIO_Init
    spwm.o(.text.SPWM_Init) refers to spwm.o(.text.SPWM_PWM_Timer_Init) for SPWM_PWM_Timer_Init
    spwm.o(.text.SPWM_Init) refers to spwm.o(.text.SPWM_Sine_Table_Init) for SPWM_Sine_Table_Init
    spwm.o(.text.SPWM_Init) refers to spwm.o(.text.SPWM_Sequencer_Timer_Init) for SPWM_Sequencer_Timer_Init
    spwm.o(.ARM.exidx.text.SPWM_Init) refers to spwm.o(.text.SPWM_Init) for [Anonymous Symbol]
    startup_stm32g431xx.o(STACK) refers (Special) to heapauxi.o(.text) for __use_two_region_memory
    startup_stm32g431xx.o(HEAP) refers (Special) to heapauxi.o(.text) for __use_two_region_memory
    startup_stm32g431xx.o(RESET) refers (Special) to heapauxi.o(.text) for __use_two_region_memory
    startup_stm32g431xx.o(RESET) refers to startup_stm32g431xx.o(STACK) for __initial_sp
    startup_stm32g431xx.o(RESET) refers to startup_stm32g431xx.o(.text) for Reset_Handler
    startup_stm32g431xx.o(RESET) refers to spwm.o(.text.TIM4_IRQHandler) for TIM4_IRQHandler
    startup_stm32g431xx.o(.text) refers (Special) to heapauxi.o(.text) for __use_two_region_memory
    startup_stm32g431xx.o(.text) refers to system_stm32g4xx.o(.text.SystemInit) for SystemInit
    startup_stm32g431xx.o(.text) refers to __main.o(!!!main) for __main
    startup_stm32g431xx.o(.text) refers to startup_stm32g431xx.o(HEAP) for Heap_Mem
    startup_stm32g431xx.o(.text) refers to startup_stm32g431xx.o(STACK) for Stack_Mem
    system_stm32g4xx.o(.ARM.exidx.text.SystemInit) refers to system_stm32g4xx.o(.text.SystemInit) for [Anonymous Symbol]
    system_stm32g4xx.o(.text.SystemCoreClockUpdate) refers to system_stm32g4xx.o(.data.SystemCoreClock) for SystemCoreClock
    system_stm32g4xx.o(.text.SystemCoreClockUpdate) refers to system_stm32g4xx.o(.rodata.AHBPrescTable) for AHBPrescTable
    system_stm32g4xx.o(.ARM.exidx.text.SystemCoreClockUpdate) refers to system_stm32g4xx.o(.text.SystemCoreClockUpdate) for [Anonymous Symbol]
    __main.o(!!!main) refers to __rtentry.o(.ARM.Collect$$rtentry$$00000000) for __rt_entry
    sinf.o(i.__hardfp_sinf) refers (Special) to usenofp.o(x$fpl$usenofp) for __I$use$fp
    sinf.o(i.__hardfp_sinf) refers to rredf.o(i.__mathlib_rredf2) for __mathlib_rredf2
    sinf.o(i.__hardfp_sinf) refers to fpclassifyf.o(i.__ARM_fpclassifyf) for __ARM_fpclassifyf
    sinf.o(i.__hardfp_sinf) refers to funder.o(i.__mathlib_flt_underflow) for __mathlib_flt_underflow
    sinf.o(i.__hardfp_sinf) refers to _rserrno.o(.text) for __set_errno
    sinf.o(i.__hardfp_sinf) refers to funder.o(i.__mathlib_flt_invalid) for __mathlib_flt_invalid
    sinf.o(i.__hardfp_sinf) refers to funder.o(i.__mathlib_flt_infnan) for __mathlib_flt_infnan
    sinf.o(i.__softfp_sinf) refers (Special) to usenofp.o(x$fpl$usenofp) for __I$use$fp
    sinf.o(i.__softfp_sinf) refers to sinf.o(i.__hardfp_sinf) for __hardfp_sinf
    sinf.o(i.sinf) refers (Special) to usenofp.o(x$fpl$usenofp) for __I$use$fp
    sinf.o(i.sinf) refers to sinf.o(i.__hardfp_sinf) for __hardfp_sinf
    __rtentry.o(.ARM.Collect$$rtentry$$00000000) refers (Special) to __rtentry2.o(.ARM.Collect$$rtentry$$0000000A) for __rt_entry_li
    __rtentry.o(.ARM.Collect$$rtentry$$00000000) refers (Special) to __rtentry2.o(.ARM.Collect$$rtentry$$0000000D) for __rt_entry_main
    __rtentry.o(.ARM.Collect$$rtentry$$00000000) refers (Special) to __rtentry2.o(.ARM.Collect$$rtentry$$0000000C) for __rt_entry_postli_1
    __rtentry.o(.ARM.Collect$$rtentry$$00000000) refers (Special) to __rtentry2.o(.ARM.Collect$$rtentry$$00000009) for __rt_entry_postsh_1
    __rtentry.o(.ARM.Collect$$rtentry$$00000000) refers (Special) to __rtentry2.o(.ARM.Collect$$rtentry$$00000002) for __rt_entry_presh_1
    __rtentry.o(.ARM.Collect$$rtentry$$00000000) refers (Special) to __rtentry4.o(.ARM.Collect$$rtentry$$00000004) for __rt_entry_sh
    _rserrno.o(.text) refers to rt_errno_addr_intlibspace.o(.text) for __aeabi_errno_addr
    fpclassifyf.o(i.__ARM_fpclassifyf) refers (Special) to usenofp.o(x$fpl$usenofp) for __I$use$fp
    rredf.o(i.__mathlib_rredf2) refers (Special) to usenofp.o(x$fpl$usenofp) for __I$use$fp
    rredf.o(i.__mathlib_rredf2) refers to rredf.o(.constdata) for .constdata
    rredf.o(.constdata) refers (Special) to usenofp.o(x$fpl$usenofp) for __I$use$fp
    __rtentry2.o(.ARM.Collect$$rtentry$$00000008) refers to boardinit2.o(.text) for _platform_post_stackheap_init
    __rtentry2.o(.ARM.Collect$$rtentry$$0000000A) refers to libinit.o(.ARM.Collect$$libinit$$00000000) for __rt_lib_init
    __rtentry2.o(.ARM.Collect$$rtentry$$0000000B) refers to boardinit3.o(.text) for _platform_post_lib_init
    __rtentry2.o(.ARM.Collect$$rtentry$$0000000D) refers to main.o(.text.main) for main
    __rtentry2.o(.ARM.Collect$$rtentry$$0000000D) refers to exit.o(.text) for exit
    __rtentry2.o(.ARM.exidx) refers to __rtentry2.o(.ARM.Collect$$rtentry$$00000001) for .ARM.Collect$$rtentry$$00000001
    __rtentry2.o(.ARM.exidx) refers to __rtentry2.o(.ARM.Collect$$rtentry$$00000008) for .ARM.Collect$$rtentry$$00000008
    __rtentry2.o(.ARM.exidx) refers to __rtentry2.o(.ARM.Collect$$rtentry$$0000000A) for .ARM.Collect$$rtentry$$0000000A
    __rtentry2.o(.ARM.exidx) refers to __rtentry2.o(.ARM.Collect$$rtentry$$0000000B) for .ARM.Collect$$rtentry$$0000000B
    __rtentry2.o(.ARM.exidx) refers to __rtentry2.o(.ARM.Collect$$rtentry$$0000000D) for .ARM.Collect$$rtentry$$0000000D
    __rtentry4.o(.ARM.Collect$$rtentry$$00000004) refers to sys_stackheap_outer.o(.text) for __user_setup_stackheap
    __rtentry4.o(.ARM.exidx) refers to __rtentry4.o(.ARM.Collect$$rtentry$$00000004) for .ARM.Collect$$rtentry$$00000004
    rt_errno_addr.o(.text) refers to rt_errno_addr.o(.bss) for __aeabi_errno_addr_data
    rt_errno_addr_intlibspace.o(.text) refers to libspace.o(.bss) for __libspace_start
    libspace.o(.text) refers to libspace.o(.bss) for __libspace_start
    sys_stackheap_outer.o(.text) refers to libspace.o(.text) for __user_perproc_libspace
    sys_stackheap_outer.o(.text) refers to startup_stm32g431xx.o(.text) for __user_initial_stackheap
    exit.o(.text) refers to rtexit.o(.ARM.Collect$$rtexit$$00000000) for __rt_exit
    libinit.o(.ARM.Collect$$libinit$$00000000) refers (Special) to libinit2.o(.ARM.Collect$$libinit$$00000030) for __rt_lib_init_alloca_1
    libinit.o(.ARM.Collect$$libinit$$00000000) refers (Special) to libinit2.o(.ARM.Collect$$libinit$$0000002E) for __rt_lib_init_argv_1
    libinit.o(.ARM.Collect$$libinit$$00000000) refers (Special) to libinit2.o(.ARM.Collect$$libinit$$0000001D) for __rt_lib_init_atexit_1
    libinit.o(.ARM.Collect$$libinit$$00000000) refers (Special) to libinit2.o(.ARM.Collect$$libinit$$00000023) for __rt_lib_init_clock_1
    libinit.o(.ARM.Collect$$libinit$$00000000) refers (Special) to libinit2.o(.ARM.Collect$$libinit$$00000034) for __rt_lib_init_cpp_1
    libinit.o(.ARM.Collect$$libinit$$00000000) refers (Special) to libinit2.o(.ARM.Collect$$libinit$$00000032) for __rt_lib_init_exceptions_1
    libinit.o(.ARM.Collect$$libinit$$00000000) refers (Special) to libinit2.o(.ARM.Collect$$libinit$$00000001) for __rt_lib_init_fp_1
    libinit.o(.ARM.Collect$$libinit$$00000000) refers (Special) to libinit2.o(.ARM.Collect$$libinit$$00000021) for __rt_lib_init_fp_trap_1
    libinit.o(.ARM.Collect$$libinit$$00000000) refers (Special) to libinit2.o(.ARM.Collect$$libinit$$00000025) for __rt_lib_init_getenv_1
    libinit.o(.ARM.Collect$$libinit$$00000000) refers (Special) to libinit2.o(.ARM.Collect$$libinit$$0000000C) for __rt_lib_init_heap_1
    libinit.o(.ARM.Collect$$libinit$$00000000) refers (Special) to libinit2.o(.ARM.Collect$$libinit$$00000013) for __rt_lib_init_lc_collate_1
    libinit.o(.ARM.Collect$$libinit$$00000000) refers (Special) to libinit2.o(.ARM.Collect$$libinit$$00000015) for __rt_lib_init_lc_ctype_1
    libinit.o(.ARM.Collect$$libinit$$00000000) refers (Special) to libinit2.o(.ARM.Collect$$libinit$$00000017) for __rt_lib_init_lc_monetary_1
    libinit.o(.ARM.Collect$$libinit$$00000000) refers (Special) to libinit2.o(.ARM.Collect$$libinit$$00000019) for __rt_lib_init_lc_numeric_1
    libinit.o(.ARM.Collect$$libinit$$00000000) refers (Special) to libinit2.o(.ARM.Collect$$libinit$$0000001B) for __rt_lib_init_lc_time_1
    libinit.o(.ARM.Collect$$libinit$$00000000) refers (Special) to libinit2.o(.ARM.Collect$$libinit$$00000006) for __rt_lib_init_preinit_1
    libinit.o(.ARM.Collect$$libinit$$00000000) refers (Special) to libinit2.o(.ARM.Collect$$libinit$$00000010) for __rt_lib_init_rand_1
    libinit.o(.ARM.Collect$$libinit$$00000000) refers (Special) to libinit2.o(.ARM.Collect$$libinit$$00000004) for __rt_lib_init_relocate_pie_1
    libinit.o(.ARM.Collect$$libinit$$00000000) refers (Special) to libinit2.o(.ARM.Collect$$libinit$$00000035) for __rt_lib_init_return
    libinit.o(.ARM.Collect$$libinit$$00000000) refers (Special) to libinit2.o(.ARM.Collect$$libinit$$0000001F) for __rt_lib_init_signal_1
    libinit.o(.ARM.Collect$$libinit$$00000000) refers (Special) to libinit2.o(.ARM.Collect$$libinit$$00000027) for __rt_lib_init_stdio_1
    libinit.o(.ARM.Collect$$libinit$$00000000) refers (Special) to libinit2.o(.ARM.Collect$$libinit$$0000000E) for __rt_lib_init_user_alloc_1
    rtexit.o(.ARM.Collect$$rtexit$$00000000) refers (Special) to rtexit2.o(.ARM.Collect$$rtexit$$00000004) for __rt_exit_exit
    rtexit.o(.ARM.Collect$$rtexit$$00000000) refers (Special) to rtexit2.o(.ARM.Collect$$rtexit$$00000003) for __rt_exit_ls
    rtexit.o(.ARM.Collect$$rtexit$$00000000) refers (Special) to rtexit2.o(.ARM.Collect$$rtexit$$00000002) for __rt_exit_prels_1
    rtexit.o(.ARM.exidx) refers (Special) to rtexit2.o(.ARM.Collect$$rtexit$$00000004) for __rt_exit_exit
    rtexit.o(.ARM.exidx) refers (Special) to rtexit2.o(.ARM.Collect$$rtexit$$00000003) for __rt_exit_ls
    rtexit.o(.ARM.exidx) refers (Special) to rtexit2.o(.ARM.Collect$$rtexit$$00000002) for __rt_exit_prels_1
    rtexit.o(.ARM.exidx) refers to rtexit.o(.ARM.Collect$$rtexit$$00000000) for .ARM.Collect$$rtexit$$00000000
    libinit2.o(.ARM.Collect$$libinit$$00000001) refers to fpinit.o(x$fpl$fpinit) for _fp_init
    libinit2.o(.ARM.Collect$$libinit$$00000012) refers to libinit2.o(.ARM.Collect$$libinit$$00000011) for .ARM.Collect$$libinit$$00000011
    libinit2.o(.ARM.Collect$$libinit$$00000014) refers to libinit2.o(.ARM.Collect$$libinit$$00000011) for .ARM.Collect$$libinit$$00000011
    libinit2.o(.ARM.Collect$$libinit$$00000016) refers to libinit2.o(.ARM.Collect$$libinit$$00000011) for .ARM.Collect$$libinit$$00000011
    libinit2.o(.ARM.Collect$$libinit$$00000018) refers to libinit2.o(.ARM.Collect$$libinit$$00000011) for .ARM.Collect$$libinit$$00000011
    libinit2.o(.ARM.Collect$$libinit$$0000001A) refers to libinit2.o(.ARM.Collect$$libinit$$00000011) for .ARM.Collect$$libinit$$00000011
    libinit2.o(.ARM.Collect$$libinit$$00000028) refers to argv_veneer.o(.emb_text) for __ARM_argv_veneer
    libinit2.o(.ARM.Collect$$libinit$$00000029) refers to argv_veneer.o(.emb_text) for __ARM_argv_veneer
    rtexit2.o(.ARM.Collect$$rtexit$$00000003) refers to libshutdown.o(.ARM.Collect$$libshutdown$$00000000) for __rt_lib_shutdown
    rtexit2.o(.ARM.Collect$$rtexit$$00000004) refers to sys_exit.o(.text) for _sys_exit
    rtexit2.o(.ARM.exidx) refers to rtexit2.o(.ARM.Collect$$rtexit$$00000001) for .ARM.Collect$$rtexit$$00000001
    rtexit2.o(.ARM.exidx) refers to rtexit2.o(.ARM.Collect$$rtexit$$00000003) for .ARM.Collect$$rtexit$$00000003
    rtexit2.o(.ARM.exidx) refers to rtexit2.o(.ARM.Collect$$rtexit$$00000004) for .ARM.Collect$$rtexit$$00000004
    argv_veneer.o(.emb_text) refers to no_argv.o(.text) for __ARM_get_argv
    sys_exit.o(.text) refers (Special) to use_no_semi.o(.text) for __I$use$semihosting
    sys_exit.o(.text) refers (Special) to indicate_semi.o(.text) for __semihosting_library_function
    sys_exit_hlt.o(.text) refers (Special) to use_no_semi.o(.text) for __I$use$semihosting
    sys_exit_hlt.o(.text) refers (Special) to indicate_semi.o(.text) for __semihosting_library_function
    _get_argv_nomalloc.o(.text) refers (Special) to hrguard.o(.text) for __heap_region$guard
    _get_argv_nomalloc.o(.text) refers to defsig_rtmem_outer.o(.text) for __rt_SIGRTMEM
    _get_argv_nomalloc.o(.text) refers to sys_command.o(.text) for _sys_command_string
    libshutdown.o(.ARM.Collect$$libshutdown$$00000000) refers (Special) to libshutdown2.o(.ARM.Collect$$libshutdown$$00000002) for __rt_lib_shutdown_cpp_1
    libshutdown.o(.ARM.Collect$$libshutdown$$00000000) refers (Special) to libshutdown2.o(.ARM.Collect$$libshutdown$$00000007) for __rt_lib_shutdown_fp_trap_1
    libshutdown.o(.ARM.Collect$$libshutdown$$00000000) refers (Special) to libshutdown2.o(.ARM.Collect$$libshutdown$$0000000F) for __rt_lib_shutdown_heap_1
    libshutdown.o(.ARM.Collect$$libshutdown$$00000000) refers (Special) to libshutdown2.o(.ARM.Collect$$libshutdown$$00000010) for __rt_lib_shutdown_return
    libshutdown.o(.ARM.Collect$$libshutdown$$00000000) refers (Special) to libshutdown2.o(.ARM.Collect$$libshutdown$$0000000A) for __rt_lib_shutdown_signal_1
    libshutdown.o(.ARM.Collect$$libshutdown$$00000000) refers (Special) to libshutdown2.o(.ARM.Collect$$libshutdown$$00000004) for __rt_lib_shutdown_stdio_1
    libshutdown.o(.ARM.Collect$$libshutdown$$00000000) refers (Special) to libshutdown2.o(.ARM.Collect$$libshutdown$$0000000C) for __rt_lib_shutdown_user_alloc_1
    sys_command.o(.text) refers (Special) to use_no_semi.o(.text) for __I$use$semihosting
    sys_command.o(.text) refers (Special) to indicate_semi.o(.text) for __semihosting_library_function
    sys_command_hlt.o(.text) refers (Special) to use_no_semi.o(.text) for __I$use$semihosting
    sys_command_hlt.o(.text) refers (Special) to indicate_semi.o(.text) for __semihosting_library_function
    defsig_rtmem_outer.o(.text) refers to defsig_rtmem_inner.o(.text) for __rt_SIGRTMEM_inner
    defsig_rtmem_outer.o(.text) refers to defsig_exit.o(.text) for __sig_exit
    defsig_rtmem_formal.o(.text) refers to rt_raise.o(.text) for __rt_raise
    rt_raise.o(.text) refers to __raise.o(.text) for __raise
    rt_raise.o(.text) refers to sys_exit.o(.text) for _sys_exit
    defsig_exit.o(.text) refers to sys_exit.o(.text) for _sys_exit
    defsig_rtmem_inner.o(.text) refers to defsig_general.o(.text) for __default_signal_display
    __raise.o(.text) refers to defsig.o(CL$$defsig) for __default_signal_handler
    defsig_general.o(.text) refers to sys_wrch.o(.text) for _ttywrch
    sys_wrch.o(.text) refers (Special) to use_no_semi.o(.text) for __I$use$semihosting
    sys_wrch.o(.text) refers (Special) to indicate_semi.o(.text) for __semihosting_library_function
    sys_wrch_hlt.o(.text) refers (Special) to use_no_semi.o(.text) for __I$use$semihosting
    sys_wrch_hlt.o(.text) refers (Special) to indicate_semi.o(.text) for __semihosting_library_function
    defsig.o(CL$$defsig) refers to defsig_rtmem_inner.o(.text) for __rt_SIGRTMEM_inner
    defsig_abrt_inner.o(.text) refers to defsig_general.o(.text) for __default_signal_display
    defsig_fpe_inner.o(.text) refers to defsig_general.o(.text) for __default_signal_display
    defsig_rtred_inner.o(.text) refers to defsig_general.o(.text) for __default_signal_display
    defsig_stak_inner.o(.text) refers to defsig_general.o(.text) for __default_signal_display
    defsig_pvfn_inner.o(.text) refers to defsig_general.o(.text) for __default_signal_display
    defsig_cppl_inner.o(.text) refers to defsig_general.o(.text) for __default_signal_display
    defsig_segv_inner.o(.text) refers to defsig_general.o(.text) for __default_signal_display
    defsig_other.o(.text) refers to defsig_general.o(.text) for __default_signal_display


==============================================================================

Removing Unused input sections from the image.

    Removing main.o(.text), (0 bytes).
    Removing main.o(.ARM.exidx.text.main), (8 bytes).
    Removing main.o(.ARM.use_no_argv), (4 bytes).
    Removing spwm.o(.text), (0 bytes).
    Removing spwm.o(.ARM.exidx.text.SPWM_Struct_Init), (8 bytes).
    Removing spwm.o(.ARM.exidx.text.SPWM_GPIO_Init), (8 bytes).
    Removing spwm.o(.ARM.exidx.text.SPWM_PWM_Timer_Init), (8 bytes).
    Removing spwm.o(.ARM.exidx.text.SPWM_Sequencer_Timer_Init), (8 bytes).
    Removing spwm.o(.ARM.exidx.text.__NVIC_EnableIRQ), (8 bytes).
    Removing spwm.o(.ARM.exidx.text.__NVIC_SetPriority), (8 bytes).
    Removing spwm.o(.ARM.exidx.text.SPWM_Sine_Table_Init), (8 bytes).
    Removing spwm.o(.ARM.exidx.text.SPWM_Output1H_General_Purpose_Output_Low), (8 bytes).
    Removing spwm.o(.ARM.exidx.text.SPWM_Output1L_General_Purpose_Output_Low), (8 bytes).
    Removing spwm.o(.ARM.exidx.text.SPWM_Output2H_General_Purpose_Output_Low), (8 bytes).
    Removing spwm.o(.ARM.exidx.text.SPWM_Output2L_General_Purpose_Output_Low), (8 bytes).
    Removing spwm.o(.text.SPWM_Output1H_General_Purpose_Output_High), (36 bytes).
    Removing spwm.o(.ARM.exidx.text.SPWM_Output1H_General_Purpose_Output_High), (8 bytes).
    Removing spwm.o(.ARM.exidx.text.SPWM_Output1L_General_Purpose_Output_High), (8 bytes).
    Removing spwm.o(.text.SPWM_Output2H_General_Purpose_Output_High), (36 bytes).
    Removing spwm.o(.ARM.exidx.text.SPWM_Output2H_General_Purpose_Output_High), (8 bytes).
    Removing spwm.o(.ARM.exidx.text.SPWM_Output2L_General_Purpose_Output_High), (8 bytes).
    Removing spwm.o(.ARM.exidx.text.SPWM_Output1H_Alternate_Function), (8 bytes).
    Removing spwm.o(.ARM.exidx.text.SPWM_Output1L_Alternate_Function), (8 bytes).
    Removing spwm.o(.ARM.exidx.text.SPWM_Output2H_Alternate_Function), (8 bytes).
    Removing spwm.o(.ARM.exidx.text.SPWM_Output2L_Alternate_Function), (8 bytes).
    Removing spwm.o(.ARM.exidx.text.SPWM_All_Output_Disable), (8 bytes).
    Removing spwm.o(.ARM.exidx.text.SPWM_Set_Val), (8 bytes).
    Removing spwm.o(.ARM.exidx.text.SPWM_Update), (8 bytes).
    Removing spwm.o(.ARM.exidx.text.TIM4_IRQHandler), (8 bytes).
    Removing spwm.o(.ARM.exidx.text.SPWM_Init), (8 bytes).
    Removing system_stm32g4xx.o(.text), (0 bytes).
    Removing system_stm32g4xx.o(.ARM.exidx.text.SystemInit), (8 bytes).
    Removing system_stm32g4xx.o(.text.SystemCoreClockUpdate), (256 bytes).
    Removing system_stm32g4xx.o(.ARM.exidx.text.SystemCoreClockUpdate), (8 bytes).
    Removing system_stm32g4xx.o(.data.SystemCoreClock), (4 bytes).
    Removing system_stm32g4xx.o(.rodata.AHBPrescTable), (16 bytes).
    Removing system_stm32g4xx.o(.rodata.APBPrescTable), (8 bytes).

37 unused section(s) (total 576 bytes) removed from the image.

==============================================================================

Image Symbol Table

    Local Symbols

    Symbol Name                              Value     Ov Type        Size  Object(Section)

    ../clib/angel/boardlib.s                 0x00000000   Number         0  boardinit1.o ABSOLUTE
    ../clib/angel/boardlib.s                 0x00000000   Number         0  boardinit2.o ABSOLUTE
    ../clib/angel/boardlib.s                 0x00000000   Number         0  boardinit3.o ABSOLUTE
    ../clib/angel/boardlib.s                 0x00000000   Number         0  boardshut.o ABSOLUTE
    ../clib/angel/handlers.s                 0x00000000   Number         0  __scatter_zi.o ABSOLUTE
    ../clib/angel/kernel.s                   0x00000000   Number         0  __rtentry.o ABSOLUTE
    ../clib/angel/kernel.s                   0x00000000   Number         0  __rtentry2.o ABSOLUTE
    ../clib/angel/kernel.s                   0x00000000   Number         0  __rtentry4.o ABSOLUTE
    ../clib/angel/kernel.s                   0x00000000   Number         0  rtexit.o ABSOLUTE
    ../clib/angel/kernel.s                   0x00000000   Number         0  rtexit2.o ABSOLUTE
    ../clib/angel/rt.s                       0x00000000   Number         0  rt_errno_addr.o ABSOLUTE
    ../clib/angel/rt.s                       0x00000000   Number         0  rt_errno_addr_intlibspace.o ABSOLUTE
    ../clib/angel/rt.s                       0x00000000   Number         0  rt_raise.o ABSOLUTE
    ../clib/angel/scatter.s                  0x00000000   Number         0  __scatter.o ABSOLUTE
    ../clib/angel/startup.s                  0x00000000   Number         0  __main.o ABSOLUTE
    ../clib/angel/sys.s                      0x00000000   Number         0  libspace.o ABSOLUTE
    ../clib/angel/sys.s                      0x00000000   Number         0  sys_stackheap_outer.o ABSOLUTE
    ../clib/angel/sys.s                      0x00000000   Number         0  use_no_semi.o ABSOLUTE
    ../clib/angel/sys.s                      0x00000000   Number         0  indicate_semi.o ABSOLUTE
    ../clib/angel/sysapp.c                   0x00000000   Number         0  sys_exit.o ABSOLUTE
    ../clib/angel/sysapp.c                   0x00000000   Number         0  sys_exit_hlt.o ABSOLUTE
    ../clib/angel/sysapp.c                   0x00000000   Number         0  sys_command.o ABSOLUTE
    ../clib/angel/sysapp.c                   0x00000000   Number         0  sys_command_hlt.o ABSOLUTE
    ../clib/angel/sysapp.c                   0x00000000   Number         0  sys_wrch.o ABSOLUTE
    ../clib/angel/sysapp.c                   0x00000000   Number         0  sys_wrch_hlt.o ABSOLUTE
    ../clib/armsys.c                         0x00000000   Number         0  argv_veneer.o ABSOLUTE
    ../clib/armsys.c                         0x00000000   Number         0  argv_veneer.o ABSOLUTE
    ../clib/armsys.c                         0x00000000   Number         0  _get_argv_nomalloc.o ABSOLUTE
    ../clib/armsys.c                         0x00000000   Number         0  no_argv.o ABSOLUTE
    ../clib/fenv.c                           0x00000000   Number         0  _rserrno.o ABSOLUTE
    ../clib/heapalloc.c                      0x00000000   Number         0  hrguard.o ABSOLUTE
    ../clib/heapaux.c                        0x00000000   Number         0  heapauxi.o ABSOLUTE
    ../clib/libinit.s                        0x00000000   Number         0  libinit.o ABSOLUTE
    ../clib/libinit.s                        0x00000000   Number         0  libinit2.o ABSOLUTE
    ../clib/libinit.s                        0x00000000   Number         0  libshutdown.o ABSOLUTE
    ../clib/libinit.s                        0x00000000   Number         0  libshutdown2.o ABSOLUTE
    ../clib/signal.c                         0x00000000   Number         0  defsig_rtmem_outer.o ABSOLUTE
    ../clib/signal.c                         0x00000000   Number         0  defsig_rtmem_formal.o ABSOLUTE
    ../clib/signal.c                         0x00000000   Number         0  defsig_exit.o ABSOLUTE
    ../clib/signal.c                         0x00000000   Number         0  defsig_rtmem_inner.o ABSOLUTE
    ../clib/signal.c                         0x00000000   Number         0  __raise.o ABSOLUTE
    ../clib/signal.c                         0x00000000   Number         0  defsig_general.o ABSOLUTE
    ../clib/signal.c                         0x00000000   Number         0  defsig_abrt_inner.o ABSOLUTE
    ../clib/signal.c                         0x00000000   Number         0  defsig_fpe_inner.o ABSOLUTE
    ../clib/signal.c                         0x00000000   Number         0  defsig_rtred_inner.o ABSOLUTE
    ../clib/signal.c                         0x00000000   Number         0  defsig_stak_inner.o ABSOLUTE
    ../clib/signal.c                         0x00000000   Number         0  defsig_pvfn_inner.o ABSOLUTE
    ../clib/signal.c                         0x00000000   Number         0  defsig_cppl_inner.o ABSOLUTE
    ../clib/signal.c                         0x00000000   Number         0  defsig_segv_inner.o ABSOLUTE
    ../clib/signal.c                         0x00000000   Number         0  defsig_other.o ABSOLUTE
    ../clib/signal.s                         0x00000000   Number         0  defsig.o ABSOLUTE
    ../clib/stdlib.c                         0x00000000   Number         0  exit.o ABSOLUTE
    ../fplib/fpinit.s                        0x00000000   Number         0  fpinit.o ABSOLUTE
    ../fplib/usenofp.s                       0x00000000   Number         0  usenofp.o ABSOLUTE
    ../mathlib/fpclassifyf.c                 0x00000000   Number         0  fpclassifyf.o ABSOLUTE
    ../mathlib/funder.c                      0x00000000   Number         0  funder.o ABSOLUTE
    ../mathlib/rredf.c                       0x00000000   Number         0  rredf.o ABSOLUTE
    ../mathlib/sinf.c                        0x00000000   Number         0  sinf.o ABSOLUTE
    RTE/Device/startup_stm32g431xx.s         0x00000000   Number         0  startup_stm32g431xx.o ABSOLUTE
    dc.s                                     0x00000000   Number         0  dc.o ABSOLUTE
    main.c                                   0x00000000   Number         0  main.o ABSOLUTE
    spwm.c                                   0x00000000   Number         0  spwm.o ABSOLUTE
    system_stm32g4xx.c                       0x00000000   Number         0  system_stm32g4xx.o ABSOLUTE
    RESET                                    0x08000000   Section      472  startup_stm32g431xx.o(RESET)
    !!!main                                  0x080001d8   Section        8  __main.o(!!!main)
    !!!scatter                               0x080001e0   Section       92  __scatter.o(!!!scatter)
    !!handler_null                           0x0800023c   Section        2  __scatter.o(!!handler_null)
    !!handler_zi                             0x08000240   Section       28  __scatter_zi.o(!!handler_zi)
    .ARM.Collect$$libinit$$00000000          0x0800025c   Section        2  libinit.o(.ARM.Collect$$libinit$$00000000)
    .ARM.Collect$$libinit$$00000001          0x0800025e   Section        4  libinit2.o(.ARM.Collect$$libinit$$00000001)
    .ARM.Collect$$libinit$$00000004          0x08000262   Section        0  libinit2.o(.ARM.Collect$$libinit$$00000004)
    .ARM.Collect$$libinit$$00000006          0x08000262   Section        0  libinit2.o(.ARM.Collect$$libinit$$00000006)
    .ARM.Collect$$libinit$$0000000C          0x08000262   Section        0  libinit2.o(.ARM.Collect$$libinit$$0000000C)
    .ARM.Collect$$libinit$$0000000E          0x08000262   Section        0  libinit2.o(.ARM.Collect$$libinit$$0000000E)
    .ARM.Collect$$libinit$$00000010          0x08000262   Section        0  libinit2.o(.ARM.Collect$$libinit$$00000010)
    .ARM.Collect$$libinit$$00000013          0x08000262   Section        0  libinit2.o(.ARM.Collect$$libinit$$00000013)
    .ARM.Collect$$libinit$$00000015          0x08000262   Section        0  libinit2.o(.ARM.Collect$$libinit$$00000015)
    .ARM.Collect$$libinit$$00000017          0x08000262   Section        0  libinit2.o(.ARM.Collect$$libinit$$00000017)
    .ARM.Collect$$libinit$$00000019          0x08000262   Section        0  libinit2.o(.ARM.Collect$$libinit$$00000019)
    .ARM.Collect$$libinit$$0000001B          0x08000262   Section        0  libinit2.o(.ARM.Collect$$libinit$$0000001B)
    .ARM.Collect$$libinit$$0000001D          0x08000262   Section        0  libinit2.o(.ARM.Collect$$libinit$$0000001D)
    .ARM.Collect$$libinit$$0000001F          0x08000262   Section        0  libinit2.o(.ARM.Collect$$libinit$$0000001F)
    .ARM.Collect$$libinit$$00000021          0x08000262   Section        0  libinit2.o(.ARM.Collect$$libinit$$00000021)
    .ARM.Collect$$libinit$$00000023          0x08000262   Section        0  libinit2.o(.ARM.Collect$$libinit$$00000023)
    .ARM.Collect$$libinit$$00000025          0x08000262   Section        0  libinit2.o(.ARM.Collect$$libinit$$00000025)
    .ARM.Collect$$libinit$$00000027          0x08000262   Section        0  libinit2.o(.ARM.Collect$$libinit$$00000027)
    .ARM.Collect$$libinit$$0000002E          0x08000262   Section        0  libinit2.o(.ARM.Collect$$libinit$$0000002E)
    .ARM.Collect$$libinit$$00000030          0x08000262   Section        0  libinit2.o(.ARM.Collect$$libinit$$00000030)
    .ARM.Collect$$libinit$$00000032          0x08000262   Section        0  libinit2.o(.ARM.Collect$$libinit$$00000032)
    .ARM.Collect$$libinit$$00000034          0x08000262   Section        0  libinit2.o(.ARM.Collect$$libinit$$00000034)
    .ARM.Collect$$libinit$$00000035          0x08000262   Section        2  libinit2.o(.ARM.Collect$$libinit$$00000035)
    .ARM.Collect$$libshutdown$$00000000      0x08000264   Section        2  libshutdown.o(.ARM.Collect$$libshutdown$$00000000)
    .ARM.Collect$$libshutdown$$00000002      0x08000266   Section        0  libshutdown2.o(.ARM.Collect$$libshutdown$$00000002)
    .ARM.Collect$$libshutdown$$00000004      0x08000266   Section        0  libshutdown2.o(.ARM.Collect$$libshutdown$$00000004)
    .ARM.Collect$$libshutdown$$00000007      0x08000266   Section        0  libshutdown2.o(.ARM.Collect$$libshutdown$$00000007)
    .ARM.Collect$$libshutdown$$0000000A      0x08000266   Section        0  libshutdown2.o(.ARM.Collect$$libshutdown$$0000000A)
    .ARM.Collect$$libshutdown$$0000000C      0x08000266   Section        0  libshutdown2.o(.ARM.Collect$$libshutdown$$0000000C)
    .ARM.Collect$$libshutdown$$0000000F      0x08000266   Section        0  libshutdown2.o(.ARM.Collect$$libshutdown$$0000000F)
    .ARM.Collect$$libshutdown$$00000010      0x08000266   Section        2  libshutdown2.o(.ARM.Collect$$libshutdown$$00000010)
    .ARM.Collect$$rtentry$$00000000          0x08000268   Section        0  __rtentry.o(.ARM.Collect$$rtentry$$00000000)
    .ARM.Collect$$rtentry$$00000002          0x08000268   Section        0  __rtentry2.o(.ARM.Collect$$rtentry$$00000002)
    .ARM.Collect$$rtentry$$00000004          0x08000268   Section        6  __rtentry4.o(.ARM.Collect$$rtentry$$00000004)
    .ARM.Collect$$rtentry$$00000009          0x0800026e   Section        0  __rtentry2.o(.ARM.Collect$$rtentry$$00000009)
    .ARM.Collect$$rtentry$$0000000A          0x0800026e   Section        4  __rtentry2.o(.ARM.Collect$$rtentry$$0000000A)
    .ARM.Collect$$rtentry$$0000000C          0x08000272   Section        0  __rtentry2.o(.ARM.Collect$$rtentry$$0000000C)
    .ARM.Collect$$rtentry$$0000000D          0x08000272   Section        8  __rtentry2.o(.ARM.Collect$$rtentry$$0000000D)
    .ARM.Collect$$rtexit$$00000000           0x0800027a   Section        2  rtexit.o(.ARM.Collect$$rtexit$$00000000)
    .ARM.Collect$$rtexit$$00000002           0x0800027c   Section        0  rtexit2.o(.ARM.Collect$$rtexit$$00000002)
    .ARM.Collect$$rtexit$$00000003           0x0800027c   Section        4  rtexit2.o(.ARM.Collect$$rtexit$$00000003)
    .ARM.Collect$$rtexit$$00000004           0x08000280   Section        6  rtexit2.o(.ARM.Collect$$rtexit$$00000004)
    $v0                                      0x08000288   Number         0  startup_stm32g431xx.o(.text)
    .text                                    0x08000288   Section       64  startup_stm32g431xx.o(.text)
    .text                                    0x080002c8   Section        0  heapauxi.o(.text)
    .text                                    0x080002ce   Section        0  _rserrno.o(.text)
    .text                                    0x080002e4   Section        8  rt_errno_addr_intlibspace.o(.text)
    .text                                    0x080002ec   Section        8  libspace.o(.text)
    .text                                    0x080002f4   Section       74  sys_stackheap_outer.o(.text)
    .text                                    0x0800033e   Section        0  exit.o(.text)
    .text                                    0x08000350   Section        0  sys_exit.o(.text)
    .text                                    0x0800035c   Section        2  use_no_semi.o(.text)
    .text                                    0x0800035e   Section        0  indicate_semi.o(.text)
    [Anonymous Symbol]                       0x08000360   Section        0  spwm.o(.text.SPWM_All_Output_Disable)
    [Anonymous Symbol]                       0x08000374   Section        0  spwm.o(.text.SPWM_GPIO_Init)
    [Anonymous Symbol]                       0x080004b8   Section        0  spwm.o(.text.SPWM_Init)
    [Anonymous Symbol]                       0x080004d4   Section        0  spwm.o(.text.SPWM_Output1H_Alternate_Function)
    [Anonymous Symbol]                       0x080004ec   Section        0  spwm.o(.text.SPWM_Output1H_General_Purpose_Output_Low)
    [Anonymous Symbol]                       0x08000510   Section        0  spwm.o(.text.SPWM_Output1L_Alternate_Function)
    [Anonymous Symbol]                       0x0800052c   Section        0  spwm.o(.text.SPWM_Output1L_General_Purpose_Output_High)
    [Anonymous Symbol]                       0x08000558   Section        0  spwm.o(.text.SPWM_Output1L_General_Purpose_Output_Low)
    [Anonymous Symbol]                       0x08000584   Section        0  spwm.o(.text.SPWM_Output2H_Alternate_Function)
    [Anonymous Symbol]                       0x0800059c   Section        0  spwm.o(.text.SPWM_Output2H_General_Purpose_Output_Low)
    [Anonymous Symbol]                       0x080005c0   Section        0  spwm.o(.text.SPWM_Output2L_Alternate_Function)
    [Anonymous Symbol]                       0x080005d8   Section        0  spwm.o(.text.SPWM_Output2L_General_Purpose_Output_High)
    [Anonymous Symbol]                       0x080005fc   Section        0  spwm.o(.text.SPWM_Output2L_General_Purpose_Output_Low)
    [Anonymous Symbol]                       0x08000630   Section        0  spwm.o(.text.SPWM_PWM_Timer_Init)
    [Anonymous Symbol]                       0x0800072c   Section        0  spwm.o(.text.SPWM_Sequencer_Timer_Init)
    [Anonymous Symbol]                       0x0800079c   Section        0  spwm.o(.text.SPWM_Set_Val)
    [Anonymous Symbol]                       0x08000864   Section        0  spwm.o(.text.SPWM_Sine_Table_Init)
    [Anonymous Symbol]                       0x080009b4   Section        0  spwm.o(.text.SPWM_Struct_Init)
    [Anonymous Symbol]                       0x08000a58   Section        0  spwm.o(.text.SPWM_Update)
    [Anonymous Symbol]                       0x08000bc4   Section        0  system_stm32g4xx.o(.text.SystemInit)
    [Anonymous Symbol]                       0x08000bd8   Section        0  spwm.o(.text.TIM4_IRQHandler)
    __NVIC_EnableIRQ                         0x08000c05   Thumb Code    48  spwm.o(.text.__NVIC_EnableIRQ)
    [Anonymous Symbol]                       0x08000c04   Section        0  spwm.o(.text.__NVIC_EnableIRQ)
    __NVIC_SetPriority                       0x08000c35   Thumb Code    66  spwm.o(.text.__NVIC_SetPriority)
    [Anonymous Symbol]                       0x08000c34   Section        0  spwm.o(.text.__NVIC_SetPriority)
    [Anonymous Symbol]                       0x08000c78   Section        0  main.o(.text.main)
    i.__ARM_fpclassifyf                      0x08000c88   Section        0  fpclassifyf.o(i.__ARM_fpclassifyf)
    i.__hardfp_sinf                          0x08000cb0   Section        0  sinf.o(i.__hardfp_sinf)
    i.__mathlib_flt_infnan                   0x08000e40   Section        0  funder.o(i.__mathlib_flt_infnan)
    i.__mathlib_flt_invalid                  0x08000e48   Section        0  funder.o(i.__mathlib_flt_invalid)
    i.__mathlib_flt_underflow                0x08000e58   Section        0  funder.o(i.__mathlib_flt_underflow)
    i.__mathlib_rredf2                       0x08000e68   Section        0  rredf.o(i.__mathlib_rredf2)
    $v0                                      0x08000fbc   Number         0  fpinit.o(x$fpl$fpinit)
    x$fpl$fpinit                             0x08000fbc   Section       26  fpinit.o(x$fpl$fpinit)
    x$fpl$usenofp                            0x08000fd6   Section        0  usenofp.o(x$fpl$usenofp)
    twooverpi                                0x08000fd8   Data          32  rredf.o(.constdata)
    .constdata                               0x08000fd8   Section       32  rredf.o(.constdata)
    .bss                                     0x20000000   Section       96  libspace.o(.bss)
    Heap_Mem                                 0x20000410   Data         512  startup_stm32g431xx.o(HEAP)
    HEAP                                     0x20000410   Section      512  startup_stm32g431xx.o(HEAP)
    Stack_Mem                                0x20000610   Data        1024  startup_stm32g431xx.o(STACK)
    STACK                                    0x20000610   Section     1024  startup_stm32g431xx.o(STACK)
    __initial_sp                             0x20000a10   Data           0  startup_stm32g431xx.o(STACK)

    Global Symbols

    Symbol Name                              Value     Ov Type        Size  Object(Section)

    BuildAttributes$$THM_ISAv4$E$P$D$K$B$S$7EM$VFPi3$EXTD16$VFPS$VFMA$PE$A:L22UL41UL21$X:L11$S22US41US21$IEEE1$IW$~IW$USESV6$~STKCKD$USESV7$~SHL$OTIME$ROPI$IEEEX$EBA8$UX$STANDARDLIB$REQ8$PRES8$EABIv2 0x00000000   Number         0  anon$$obj.o ABSOLUTE
    __ARM_exceptions_init                     - Undefined Weak Reference
    __alloca_initialize                       - Undefined Weak Reference
    __arm_preinit_                            - Undefined Weak Reference
    __arm_relocate_pie_                       - Undefined Weak Reference
    __cpp_initialize__aeabi_                  - Undefined Weak Reference
    __cxa_finalize                            - Undefined Weak Reference
    __rt_locale                               - Undefined Weak Reference
    __sigvec_lookup                           - Undefined Weak Reference
    _atexit_init                              - Undefined Weak Reference
    _call_atexit_fns                          - Undefined Weak Reference
    _clock_init                               - Undefined Weak Reference
    _fp_trap_init                             - Undefined Weak Reference
    _fp_trap_shutdown                         - Undefined Weak Reference
    _get_lc_collate                           - Undefined Weak Reference
    _get_lc_ctype                             - Undefined Weak Reference
    _get_lc_monetary                          - Undefined Weak Reference
    _get_lc_numeric                           - Undefined Weak Reference
    _get_lc_time                              - Undefined Weak Reference
    _getenv_init                              - Undefined Weak Reference
    _handle_redirection                       - Undefined Weak Reference
    _init_alloc                               - Undefined Weak Reference
    _init_user_alloc                          - Undefined Weak Reference
    _initio                                   - Undefined Weak Reference
    _rand_init                                - Undefined Weak Reference
    _signal_finish                            - Undefined Weak Reference
    _signal_init                              - Undefined Weak Reference
    _terminate_alloc                          - Undefined Weak Reference
    _terminate_user_alloc                     - Undefined Weak Reference
    _terminateio                              - Undefined Weak Reference
    __Vectors_Size                           0x000001d8   Number         0  startup_stm32g431xx.o ABSOLUTE
    __Vectors                                0x08000000   Data           4  startup_stm32g431xx.o(RESET)
    __Vectors_End                            0x080001d8   Data           0  startup_stm32g431xx.o(RESET)
    __main                                   0x080001d9   Thumb Code     8  __main.o(!!!main)
    __scatterload                            0x080001e1   Thumb Code     0  __scatter.o(!!!scatter)
    __scatterload_rt2                        0x080001e1   Thumb Code    84  __scatter.o(!!!scatter)
    __scatterload_rt2_thumb_only             0x080001e1   Thumb Code     0  __scatter.o(!!!scatter)
    __scatterload_loop                       0x080001eb   Thumb Code     0  __scatter.o(!!!scatter)
    __scatterload_null                       0x0800023d   Thumb Code     2  __scatter.o(!!handler_null)
    __scatterload_zeroinit                   0x08000241   Thumb Code    28  __scatter_zi.o(!!handler_zi)
    __rt_lib_init                            0x0800025d   Thumb Code     0  libinit.o(.ARM.Collect$$libinit$$00000000)
    __rt_lib_init_fp_1                       0x0800025f   Thumb Code     0  libinit2.o(.ARM.Collect$$libinit$$00000001)
    __rt_lib_init_alloca_1                   0x08000263   Thumb Code     0  libinit2.o(.ARM.Collect$$libinit$$00000030)
    __rt_lib_init_argv_1                     0x08000263   Thumb Code     0  libinit2.o(.ARM.Collect$$libinit$$0000002E)
    __rt_lib_init_atexit_1                   0x08000263   Thumb Code     0  libinit2.o(.ARM.Collect$$libinit$$0000001D)
    __rt_lib_init_clock_1                    0x08000263   Thumb Code     0  libinit2.o(.ARM.Collect$$libinit$$00000023)
    __rt_lib_init_cpp_1                      0x08000263   Thumb Code     0  libinit2.o(.ARM.Collect$$libinit$$00000034)
    __rt_lib_init_exceptions_1               0x08000263   Thumb Code     0  libinit2.o(.ARM.Collect$$libinit$$00000032)
    __rt_lib_init_fp_trap_1                  0x08000263   Thumb Code     0  libinit2.o(.ARM.Collect$$libinit$$00000021)
    __rt_lib_init_getenv_1                   0x08000263   Thumb Code     0  libinit2.o(.ARM.Collect$$libinit$$00000025)
    __rt_lib_init_heap_1                     0x08000263   Thumb Code     0  libinit2.o(.ARM.Collect$$libinit$$0000000C)
    __rt_lib_init_lc_collate_1               0x08000263   Thumb Code     0  libinit2.o(.ARM.Collect$$libinit$$00000013)
    __rt_lib_init_lc_ctype_1                 0x08000263   Thumb Code     0  libinit2.o(.ARM.Collect$$libinit$$00000015)
    __rt_lib_init_lc_monetary_1              0x08000263   Thumb Code     0  libinit2.o(.ARM.Collect$$libinit$$00000017)
    __rt_lib_init_lc_numeric_1               0x08000263   Thumb Code     0  libinit2.o(.ARM.Collect$$libinit$$00000019)
    __rt_lib_init_lc_time_1                  0x08000263   Thumb Code     0  libinit2.o(.ARM.Collect$$libinit$$0000001B)
    __rt_lib_init_preinit_1                  0x08000263   Thumb Code     0  libinit2.o(.ARM.Collect$$libinit$$00000006)
    __rt_lib_init_rand_1                     0x08000263   Thumb Code     0  libinit2.o(.ARM.Collect$$libinit$$00000010)
    __rt_lib_init_relocate_pie_1             0x08000263   Thumb Code     0  libinit2.o(.ARM.Collect$$libinit$$00000004)
    __rt_lib_init_return                     0x08000263   Thumb Code     0  libinit2.o(.ARM.Collect$$libinit$$00000035)
    __rt_lib_init_signal_1                   0x08000263   Thumb Code     0  libinit2.o(.ARM.Collect$$libinit$$0000001F)
    __rt_lib_init_stdio_1                    0x08000263   Thumb Code     0  libinit2.o(.ARM.Collect$$libinit$$00000027)
    __rt_lib_init_user_alloc_1               0x08000263   Thumb Code     0  libinit2.o(.ARM.Collect$$libinit$$0000000E)
    __rt_lib_shutdown                        0x08000265   Thumb Code     0  libshutdown.o(.ARM.Collect$$libshutdown$$00000000)
    __rt_lib_shutdown_cpp_1                  0x08000267   Thumb Code     0  libshutdown2.o(.ARM.Collect$$libshutdown$$00000002)
    __rt_lib_shutdown_fp_trap_1              0x08000267   Thumb Code     0  libshutdown2.o(.ARM.Collect$$libshutdown$$00000007)
    __rt_lib_shutdown_heap_1                 0x08000267   Thumb Code     0  libshutdown2.o(.ARM.Collect$$libshutdown$$0000000F)
    __rt_lib_shutdown_return                 0x08000267   Thumb Code     0  libshutdown2.o(.ARM.Collect$$libshutdown$$00000010)
    __rt_lib_shutdown_signal_1               0x08000267   Thumb Code     0  libshutdown2.o(.ARM.Collect$$libshutdown$$0000000A)
    __rt_lib_shutdown_stdio_1                0x08000267   Thumb Code     0  libshutdown2.o(.ARM.Collect$$libshutdown$$00000004)
    __rt_lib_shutdown_user_alloc_1           0x08000267   Thumb Code     0  libshutdown2.o(.ARM.Collect$$libshutdown$$0000000C)
    __rt_entry                               0x08000269   Thumb Code     0  __rtentry.o(.ARM.Collect$$rtentry$$00000000)
    __rt_entry_presh_1                       0x08000269   Thumb Code     0  __rtentry2.o(.ARM.Collect$$rtentry$$00000002)
    __rt_entry_sh                            0x08000269   Thumb Code     0  __rtentry4.o(.ARM.Collect$$rtentry$$00000004)
    __rt_entry_li                            0x0800026f   Thumb Code     0  __rtentry2.o(.ARM.Collect$$rtentry$$0000000A)
    __rt_entry_postsh_1                      0x0800026f   Thumb Code     0  __rtentry2.o(.ARM.Collect$$rtentry$$00000009)
    __rt_entry_main                          0x08000273   Thumb Code     0  __rtentry2.o(.ARM.Collect$$rtentry$$0000000D)
    __rt_entry_postli_1                      0x08000273   Thumb Code     0  __rtentry2.o(.ARM.Collect$$rtentry$$0000000C)
    __rt_exit                                0x0800027b   Thumb Code     0  rtexit.o(.ARM.Collect$$rtexit$$00000000)
    __rt_exit_ls                             0x0800027d   Thumb Code     0  rtexit2.o(.ARM.Collect$$rtexit$$00000003)
    __rt_exit_prels_1                        0x0800027d   Thumb Code     0  rtexit2.o(.ARM.Collect$$rtexit$$00000002)
    __rt_exit_exit                           0x08000281   Thumb Code     0  rtexit2.o(.ARM.Collect$$rtexit$$00000004)
    Reset_Handler                            0x08000289   Thumb Code     8  startup_stm32g431xx.o(.text)
    NMI_Handler                              0x08000291   Thumb Code     2  startup_stm32g431xx.o(.text)
    HardFault_Handler                        0x08000293   Thumb Code     2  startup_stm32g431xx.o(.text)
    MemManage_Handler                        0x08000295   Thumb Code     2  startup_stm32g431xx.o(.text)
    BusFault_Handler                         0x08000297   Thumb Code     2  startup_stm32g431xx.o(.text)
    UsageFault_Handler                       0x08000299   Thumb Code     2  startup_stm32g431xx.o(.text)
    SVC_Handler                              0x0800029b   Thumb Code     2  startup_stm32g431xx.o(.text)
    DebugMon_Handler                         0x0800029d   Thumb Code     2  startup_stm32g431xx.o(.text)
    PendSV_Handler                           0x0800029f   Thumb Code     2  startup_stm32g431xx.o(.text)
    SysTick_Handler                          0x080002a1   Thumb Code     2  startup_stm32g431xx.o(.text)
    ADC1_2_IRQHandler                        0x080002a3   Thumb Code     0  startup_stm32g431xx.o(.text)
    COMP1_2_3_IRQHandler                     0x080002a3   Thumb Code     0  startup_stm32g431xx.o(.text)
    COMP4_IRQHandler                         0x080002a3   Thumb Code     0  startup_stm32g431xx.o(.text)
    CORDIC_IRQHandler                        0x080002a3   Thumb Code     0  startup_stm32g431xx.o(.text)
    CRS_IRQHandler                           0x080002a3   Thumb Code     0  startup_stm32g431xx.o(.text)
    DMA1_Channel1_IRQHandler                 0x080002a3   Thumb Code     0  startup_stm32g431xx.o(.text)
    DMA1_Channel2_IRQHandler                 0x080002a3   Thumb Code     0  startup_stm32g431xx.o(.text)
    DMA1_Channel3_IRQHandler                 0x080002a3   Thumb Code     0  startup_stm32g431xx.o(.text)
    DMA1_Channel4_IRQHandler                 0x080002a3   Thumb Code     0  startup_stm32g431xx.o(.text)
    DMA1_Channel5_IRQHandler                 0x080002a3   Thumb Code     0  startup_stm32g431xx.o(.text)
    DMA1_Channel6_IRQHandler                 0x080002a3   Thumb Code     0  startup_stm32g431xx.o(.text)
    DMA2_Channel1_IRQHandler                 0x080002a3   Thumb Code     0  startup_stm32g431xx.o(.text)
    DMA2_Channel2_IRQHandler                 0x080002a3   Thumb Code     0  startup_stm32g431xx.o(.text)
    DMA2_Channel3_IRQHandler                 0x080002a3   Thumb Code     0  startup_stm32g431xx.o(.text)
    DMA2_Channel4_IRQHandler                 0x080002a3   Thumb Code     0  startup_stm32g431xx.o(.text)
    DMA2_Channel5_IRQHandler                 0x080002a3   Thumb Code     0  startup_stm32g431xx.o(.text)
    DMA2_Channel6_IRQHandler                 0x080002a3   Thumb Code     0  startup_stm32g431xx.o(.text)
    DMAMUX_OVR_IRQHandler                    0x080002a3   Thumb Code     0  startup_stm32g431xx.o(.text)
    EXTI0_IRQHandler                         0x080002a3   Thumb Code     0  startup_stm32g431xx.o(.text)
    EXTI15_10_IRQHandler                     0x080002a3   Thumb Code     0  startup_stm32g431xx.o(.text)
    EXTI1_IRQHandler                         0x080002a3   Thumb Code     0  startup_stm32g431xx.o(.text)
    EXTI2_IRQHandler                         0x080002a3   Thumb Code     0  startup_stm32g431xx.o(.text)
    EXTI3_IRQHandler                         0x080002a3   Thumb Code     0  startup_stm32g431xx.o(.text)
    EXTI4_IRQHandler                         0x080002a3   Thumb Code     0  startup_stm32g431xx.o(.text)
    EXTI9_5_IRQHandler                       0x080002a3   Thumb Code     0  startup_stm32g431xx.o(.text)
    FDCAN1_IT0_IRQHandler                    0x080002a3   Thumb Code     0  startup_stm32g431xx.o(.text)
    FDCAN1_IT1_IRQHandler                    0x080002a3   Thumb Code     0  startup_stm32g431xx.o(.text)
    FLASH_IRQHandler                         0x080002a3   Thumb Code     0  startup_stm32g431xx.o(.text)
    FMAC_IRQHandler                          0x080002a3   Thumb Code     0  startup_stm32g431xx.o(.text)
    FPU_IRQHandler                           0x080002a3   Thumb Code     0  startup_stm32g431xx.o(.text)
    I2C1_ER_IRQHandler                       0x080002a3   Thumb Code     0  startup_stm32g431xx.o(.text)
    I2C1_EV_IRQHandler                       0x080002a3   Thumb Code     0  startup_stm32g431xx.o(.text)
    I2C2_ER_IRQHandler                       0x080002a3   Thumb Code     0  startup_stm32g431xx.o(.text)
    I2C2_EV_IRQHandler                       0x080002a3   Thumb Code     0  startup_stm32g431xx.o(.text)
    I2C3_ER_IRQHandler                       0x080002a3   Thumb Code     0  startup_stm32g431xx.o(.text)
    I2C3_EV_IRQHandler                       0x080002a3   Thumb Code     0  startup_stm32g431xx.o(.text)
    LPTIM1_IRQHandler                        0x080002a3   Thumb Code     0  startup_stm32g431xx.o(.text)
    LPUART1_IRQHandler                       0x080002a3   Thumb Code     0  startup_stm32g431xx.o(.text)
    PVD_PVM_IRQHandler                       0x080002a3   Thumb Code     0  startup_stm32g431xx.o(.text)
    RCC_IRQHandler                           0x080002a3   Thumb Code     0  startup_stm32g431xx.o(.text)
    RNG_IRQHandler                           0x080002a3   Thumb Code     0  startup_stm32g431xx.o(.text)
    RTC_Alarm_IRQHandler                     0x080002a3   Thumb Code     0  startup_stm32g431xx.o(.text)
    RTC_TAMP_LSECSS_IRQHandler               0x080002a3   Thumb Code     0  startup_stm32g431xx.o(.text)
    RTC_WKUP_IRQHandler                      0x080002a3   Thumb Code     0  startup_stm32g431xx.o(.text)
    SAI1_IRQHandler                          0x080002a3   Thumb Code     0  startup_stm32g431xx.o(.text)
    SPI1_IRQHandler                          0x080002a3   Thumb Code     0  startup_stm32g431xx.o(.text)
    SPI2_IRQHandler                          0x080002a3   Thumb Code     0  startup_stm32g431xx.o(.text)
    SPI3_IRQHandler                          0x080002a3   Thumb Code     0  startup_stm32g431xx.o(.text)
    TIM1_BRK_TIM15_IRQHandler                0x080002a3   Thumb Code     0  startup_stm32g431xx.o(.text)
    TIM1_CC_IRQHandler                       0x080002a3   Thumb Code     0  startup_stm32g431xx.o(.text)
    TIM1_TRG_COM_TIM17_IRQHandler            0x080002a3   Thumb Code     0  startup_stm32g431xx.o(.text)
    TIM1_UP_TIM16_IRQHandler                 0x080002a3   Thumb Code     0  startup_stm32g431xx.o(.text)
    TIM2_IRQHandler                          0x080002a3   Thumb Code     0  startup_stm32g431xx.o(.text)
    TIM3_IRQHandler                          0x080002a3   Thumb Code     0  startup_stm32g431xx.o(.text)
    TIM6_DAC_IRQHandler                      0x080002a3   Thumb Code     0  startup_stm32g431xx.o(.text)
    TIM7_IRQHandler                          0x080002a3   Thumb Code     0  startup_stm32g431xx.o(.text)
    TIM8_BRK_IRQHandler                      0x080002a3   Thumb Code     0  startup_stm32g431xx.o(.text)
    TIM8_CC_IRQHandler                       0x080002a3   Thumb Code     0  startup_stm32g431xx.o(.text)
    TIM8_TRG_COM_IRQHandler                  0x080002a3   Thumb Code     0  startup_stm32g431xx.o(.text)
    TIM8_UP_IRQHandler                       0x080002a3   Thumb Code     0  startup_stm32g431xx.o(.text)
    UART4_IRQHandler                         0x080002a3   Thumb Code     0  startup_stm32g431xx.o(.text)
    UCPD1_IRQHandler                         0x080002a3   Thumb Code     0  startup_stm32g431xx.o(.text)
    USART1_IRQHandler                        0x080002a3   Thumb Code     0  startup_stm32g431xx.o(.text)
    USART2_IRQHandler                        0x080002a3   Thumb Code     0  startup_stm32g431xx.o(.text)
    USART3_IRQHandler                        0x080002a3   Thumb Code     0  startup_stm32g431xx.o(.text)
    USBWakeUp_IRQHandler                     0x080002a3   Thumb Code     0  startup_stm32g431xx.o(.text)
    USB_HP_IRQHandler                        0x080002a3   Thumb Code     0  startup_stm32g431xx.o(.text)
    USB_LP_IRQHandler                        0x080002a3   Thumb Code     0  startup_stm32g431xx.o(.text)
    WWDG_IRQHandler                          0x080002a3   Thumb Code     0  startup_stm32g431xx.o(.text)
    __user_initial_stackheap                 0x080002a5   Thumb Code     0  startup_stm32g431xx.o(.text)
    __use_two_region_memory                  0x080002c9   Thumb Code     2  heapauxi.o(.text)
    __rt_heap_escrow$2region                 0x080002cb   Thumb Code     2  heapauxi.o(.text)
    __rt_heap_expand$2region                 0x080002cd   Thumb Code     2  heapauxi.o(.text)
    __read_errno                             0x080002cf   Thumb Code    10  _rserrno.o(.text)
    __set_errno                              0x080002d9   Thumb Code    12  _rserrno.o(.text)
    __aeabi_errno_addr                       0x080002e5   Thumb Code     8  rt_errno_addr_intlibspace.o(.text)
    __errno$intlibspace                      0x080002e5   Thumb Code     0  rt_errno_addr_intlibspace.o(.text)
    __rt_errno_addr$intlibspace              0x080002e5   Thumb Code     0  rt_errno_addr_intlibspace.o(.text)
    __user_libspace                          0x080002ed   Thumb Code     8  libspace.o(.text)
    __user_perproc_libspace                  0x080002ed   Thumb Code     0  libspace.o(.text)
    __user_perthread_libspace                0x080002ed   Thumb Code     0  libspace.o(.text)
    __user_setup_stackheap                   0x080002f5   Thumb Code    74  sys_stackheap_outer.o(.text)
    exit                                     0x0800033f   Thumb Code    18  exit.o(.text)
    _sys_exit                                0x08000351   Thumb Code     8  sys_exit.o(.text)
    __I$use$semihosting                      0x0800035d   Thumb Code     0  use_no_semi.o(.text)
    __use_no_semihosting_swi                 0x0800035d   Thumb Code     2  use_no_semi.o(.text)
    __semihosting_library_function           0x0800035f   Thumb Code     0  indicate_semi.o(.text)
    SPWM_All_Output_Disable                  0x08000361   Thumb Code    20  spwm.o(.text.SPWM_All_Output_Disable)
    SPWM_GPIO_Init                           0x08000375   Thumb Code   324  spwm.o(.text.SPWM_GPIO_Init)
    SPWM_Init                                0x080004b9   Thumb Code    28  spwm.o(.text.SPWM_Init)
    SPWM_Output1H_Alternate_Function         0x080004d5   Thumb Code    22  spwm.o(.text.SPWM_Output1H_Alternate_Function)
    SPWM_Output1H_General_Purpose_Output_Low 0x080004ed   Thumb Code    36  spwm.o(.text.SPWM_Output1H_General_Purpose_Output_Low)
    SPWM_Output1L_Alternate_Function         0x08000511   Thumb Code    26  spwm.o(.text.SPWM_Output1L_Alternate_Function)
    SPWM_Output1L_General_Purpose_Output_High 0x0800052d   Thumb Code    42  spwm.o(.text.SPWM_Output1L_General_Purpose_Output_High)
    SPWM_Output1L_General_Purpose_Output_Low 0x08000559   Thumb Code    42  spwm.o(.text.SPWM_Output1L_General_Purpose_Output_Low)
    SPWM_Output2H_Alternate_Function         0x08000585   Thumb Code    22  spwm.o(.text.SPWM_Output2H_Alternate_Function)
    SPWM_Output2H_General_Purpose_Output_Low 0x0800059d   Thumb Code    36  spwm.o(.text.SPWM_Output2H_General_Purpose_Output_Low)
    SPWM_Output2L_Alternate_Function         0x080005c1   Thumb Code    22  spwm.o(.text.SPWM_Output2L_Alternate_Function)
    SPWM_Output2L_General_Purpose_Output_High 0x080005d9   Thumb Code    36  spwm.o(.text.SPWM_Output2L_General_Purpose_Output_High)
    SPWM_Output2L_General_Purpose_Output_Low 0x080005fd   Thumb Code    50  spwm.o(.text.SPWM_Output2L_General_Purpose_Output_Low)
    SPWM_PWM_Timer_Init                      0x08000631   Thumb Code   252  spwm.o(.text.SPWM_PWM_Timer_Init)
    SPWM_Sequencer_Timer_Init                0x0800072d   Thumb Code   112  spwm.o(.text.SPWM_Sequencer_Timer_Init)
    SPWM_Set_Val                             0x0800079d   Thumb Code   198  spwm.o(.text.SPWM_Set_Val)
    SPWM_Sine_Table_Init                     0x08000865   Thumb Code   328  spwm.o(.text.SPWM_Sine_Table_Init)
    SPWM_Struct_Init                         0x080009b5   Thumb Code   164  spwm.o(.text.SPWM_Struct_Init)
    SPWM_Update                              0x08000a59   Thumb Code   364  spwm.o(.text.SPWM_Update)
    SystemInit                               0x08000bc5   Thumb Code    18  system_stm32g4xx.o(.text.SystemInit)
    TIM4_IRQHandler                          0x08000bd9   Thumb Code    42  spwm.o(.text.TIM4_IRQHandler)
    main                                     0x08000c79   Thumb Code    16  main.o(.text.main)
    __ARM_fpclassifyf                        0x08000c89   Thumb Code    38  fpclassifyf.o(i.__ARM_fpclassifyf)
    __hardfp_sinf                            0x08000cb1   Thumb Code   344  sinf.o(i.__hardfp_sinf)
    __mathlib_flt_infnan                     0x08000e41   Thumb Code     6  funder.o(i.__mathlib_flt_infnan)
    __mathlib_flt_invalid                    0x08000e49   Thumb Code    10  funder.o(i.__mathlib_flt_invalid)
    __mathlib_flt_underflow                  0x08000e59   Thumb Code    10  funder.o(i.__mathlib_flt_underflow)
    __mathlib_rredf2                         0x08000e69   Thumb Code   316  rredf.o(i.__mathlib_rredf2)
    _fp_init                                 0x08000fbd   Thumb Code    26  fpinit.o(x$fpl$fpinit)
    __fplib_config_fpu_vfp                   0x08000fd5   Thumb Code     0  fpinit.o(x$fpl$fpinit)
    __fplib_config_pureend_doubles           0x08000fd5   Thumb Code     0  fpinit.o(x$fpl$fpinit)
    __I$use$fp                               0x08000fd6   Number         0  usenofp.o(x$fpl$usenofp)
    Region$$Table$$Base                      0x08000ff8   Number         0  anon$$obj.o(Region$$Table)
    Region$$Table$$Limit                     0x08001008   Number         0  anon$$obj.o(Region$$Table)
    __libspace_start                         0x20000000   Data          96  libspace.o(.bss)
    SPWM                                     0x20000060   Data         942  spwm.o(.bss.SPWM)
    __temporary_stack_top$libspace           0x20000060   Data           0  libspace.o(.bss)



==============================================================================

Memory Map of the image

  Image Entry point : 0x080001d9

  Load Region LR_IROM1 (Base: 0x08000000, Size: 0x00001008, Max: 0x00020000, ABSOLUTE)

    Execution Region ER_IROM1 (Exec base: 0x08000000, Load base: 0x08000000, Size: 0x00001008, Max: 0x00020000, ABSOLUTE)

    Exec Addr    Load Addr    Size         Type   Attr      Idx    E Section Name        Object

    0x08000000   0x08000000   0x000001d8   Data   RO           68    RESET               startup_stm32g431xx.o
    0x080001d8   0x080001d8   0x00000008   Code   RO           93  * !!!main             c_w.l(__main.o)
    0x080001e0   0x080001e0   0x0000005c   Code   RO          291    !!!scatter          c_w.l(__scatter.o)
    0x0800023c   0x0800023c   0x00000002   Code   RO          292    !!handler_null      c_w.l(__scatter.o)
    0x0800023e   0x0800023e   0x00000002   PAD
    0x08000240   0x08000240   0x0000001c   Code   RO          295    !!handler_zi        c_w.l(__scatter_zi.o)
    0x0800025c   0x0800025c   0x00000002   Code   RO          156    .ARM.Collect$$libinit$$00000000  c_w.l(libinit.o)
    0x0800025e   0x0800025e   0x00000004   Code   RO          159    .ARM.Collect$$libinit$$00000001  c_w.l(libinit2.o)
    0x08000262   0x08000262   0x00000000   Code   RO          162    .ARM.Collect$$libinit$$00000004  c_w.l(libinit2.o)
    0x08000262   0x08000262   0x00000000   Code   RO          164    .ARM.Collect$$libinit$$00000006  c_w.l(libinit2.o)
    0x08000262   0x08000262   0x00000000   Code   RO          167    .ARM.Collect$$libinit$$0000000C  c_w.l(libinit2.o)
    0x08000262   0x08000262   0x00000000   Code   RO          169    .ARM.Collect$$libinit$$0000000E  c_w.l(libinit2.o)
    0x08000262   0x08000262   0x00000000   Code   RO          171    .ARM.Collect$$libinit$$00000010  c_w.l(libinit2.o)
    0x08000262   0x08000262   0x00000000   Code   RO          174    .ARM.Collect$$libinit$$00000013  c_w.l(libinit2.o)
    0x08000262   0x08000262   0x00000000   Code   RO          176    .ARM.Collect$$libinit$$00000015  c_w.l(libinit2.o)
    0x08000262   0x08000262   0x00000000   Code   RO          178    .ARM.Collect$$libinit$$00000017  c_w.l(libinit2.o)
    0x08000262   0x08000262   0x00000000   Code   RO          180    .ARM.Collect$$libinit$$00000019  c_w.l(libinit2.o)
    0x08000262   0x08000262   0x00000000   Code   RO          182    .ARM.Collect$$libinit$$0000001B  c_w.l(libinit2.o)
    0x08000262   0x08000262   0x00000000   Code   RO          184    .ARM.Collect$$libinit$$0000001D  c_w.l(libinit2.o)
    0x08000262   0x08000262   0x00000000   Code   RO          186    .ARM.Collect$$libinit$$0000001F  c_w.l(libinit2.o)
    0x08000262   0x08000262   0x00000000   Code   RO          188    .ARM.Collect$$libinit$$00000021  c_w.l(libinit2.o)
    0x08000262   0x08000262   0x00000000   Code   RO          190    .ARM.Collect$$libinit$$00000023  c_w.l(libinit2.o)
    0x08000262   0x08000262   0x00000000   Code   RO          192    .ARM.Collect$$libinit$$00000025  c_w.l(libinit2.o)
    0x08000262   0x08000262   0x00000000   Code   RO          194    .ARM.Collect$$libinit$$00000027  c_w.l(libinit2.o)
    0x08000262   0x08000262   0x00000000   Code   RO          198    .ARM.Collect$$libinit$$0000002E  c_w.l(libinit2.o)
    0x08000262   0x08000262   0x00000000   Code   RO          200    .ARM.Collect$$libinit$$00000030  c_w.l(libinit2.o)
    0x08000262   0x08000262   0x00000000   Code   RO          202    .ARM.Collect$$libinit$$00000032  c_w.l(libinit2.o)
    0x08000262   0x08000262   0x00000000   Code   RO          204    .ARM.Collect$$libinit$$00000034  c_w.l(libinit2.o)
    0x08000262   0x08000262   0x00000002   Code   RO          205    .ARM.Collect$$libinit$$00000035  c_w.l(libinit2.o)
    0x08000264   0x08000264   0x00000002   Code   RO          227    .ARM.Collect$$libshutdown$$00000000  c_w.l(libshutdown.o)
    0x08000266   0x08000266   0x00000000   Code   RO          242    .ARM.Collect$$libshutdown$$00000002  c_w.l(libshutdown2.o)
    0x08000266   0x08000266   0x00000000   Code   RO          244    .ARM.Collect$$libshutdown$$00000004  c_w.l(libshutdown2.o)
    0x08000266   0x08000266   0x00000000   Code   RO          247    .ARM.Collect$$libshutdown$$00000007  c_w.l(libshutdown2.o)
    0x08000266   0x08000266   0x00000000   Code   RO          250    .ARM.Collect$$libshutdown$$0000000A  c_w.l(libshutdown2.o)
    0x08000266   0x08000266   0x00000000   Code   RO          252    .ARM.Collect$$libshutdown$$0000000C  c_w.l(libshutdown2.o)
    0x08000266   0x08000266   0x00000000   Code   RO          255    .ARM.Collect$$libshutdown$$0000000F  c_w.l(libshutdown2.o)
    0x08000266   0x08000266   0x00000002   Code   RO          256    .ARM.Collect$$libshutdown$$00000010  c_w.l(libshutdown2.o)
    0x08000268   0x08000268   0x00000000   Code   RO          101    .ARM.Collect$$rtentry$$00000000  c_w.l(__rtentry.o)
    0x08000268   0x08000268   0x00000000   Code   RO          125    .ARM.Collect$$rtentry$$00000002  c_w.l(__rtentry2.o)
    0x08000268   0x08000268   0x00000006   Code   RO          137    .ARM.Collect$$rtentry$$00000004  c_w.l(__rtentry4.o)
    0x0800026e   0x0800026e   0x00000000   Code   RO          127    .ARM.Collect$$rtentry$$00000009  c_w.l(__rtentry2.o)
    0x0800026e   0x0800026e   0x00000004   Code   RO          128    .ARM.Collect$$rtentry$$0000000A  c_w.l(__rtentry2.o)
    0x08000272   0x08000272   0x00000000   Code   RO          130    .ARM.Collect$$rtentry$$0000000C  c_w.l(__rtentry2.o)
    0x08000272   0x08000272   0x00000008   Code   RO          131    .ARM.Collect$$rtentry$$0000000D  c_w.l(__rtentry2.o)
    0x0800027a   0x0800027a   0x00000002   Code   RO          157    .ARM.Collect$$rtexit$$00000000  c_w.l(rtexit.o)
    0x0800027c   0x0800027c   0x00000000   Code   RO          207    .ARM.Collect$$rtexit$$00000002  c_w.l(rtexit2.o)
    0x0800027c   0x0800027c   0x00000004   Code   RO          208    .ARM.Collect$$rtexit$$00000003  c_w.l(rtexit2.o)
    0x08000280   0x08000280   0x00000006   Code   RO          209    .ARM.Collect$$rtexit$$00000004  c_w.l(rtexit2.o)
    0x08000286   0x08000286   0x00000002   PAD
    0x08000288   0x08000288   0x00000040   Code   RO           69    .text               startup_stm32g431xx.o
    0x080002c8   0x080002c8   0x00000006   Code   RO           91    .text               c_w.l(heapauxi.o)
    0x080002ce   0x080002ce   0x00000016   Code   RO          102    .text               c_w.l(_rserrno.o)
    0x080002e4   0x080002e4   0x00000008   Code   RO          142    .text               c_w.l(rt_errno_addr_intlibspace.o)
    0x080002ec   0x080002ec   0x00000008   Code   RO          144    .text               c_w.l(libspace.o)
    0x080002f4   0x080002f4   0x0000004a   Code   RO          147    .text               c_w.l(sys_stackheap_outer.o)
    0x0800033e   0x0800033e   0x00000012   Code   RO          149    .text               c_w.l(exit.o)
    0x08000350   0x08000350   0x0000000c   Code   RO          217    .text               c_w.l(sys_exit.o)
    0x0800035c   0x0800035c   0x00000002   Code   RO          232    .text               c_w.l(use_no_semi.o)
    0x0800035e   0x0800035e   0x00000000   Code   RO          234    .text               c_w.l(indicate_semi.o)
    0x0800035e   0x0800035e   0x00000002   PAD
    0x08000360   0x08000360   0x00000014   Code   RO           49    .text.SPWM_All_Output_Disable  spwm.o
    0x08000374   0x08000374   0x00000144   Code   RO           13    .text.SPWM_GPIO_Init  spwm.o
    0x080004b8   0x080004b8   0x0000001c   Code   RO           57    .text.SPWM_Init     spwm.o
    0x080004d4   0x080004d4   0x00000016   Code   RO           41    .text.SPWM_Output1H_Alternate_Function  spwm.o
    0x080004ea   0x080004ea   0x00000002   PAD
    0x080004ec   0x080004ec   0x00000024   Code   RO           25    .text.SPWM_Output1H_General_Purpose_Output_Low  spwm.o
    0x08000510   0x08000510   0x0000001a   Code   RO           43    .text.SPWM_Output1L_Alternate_Function  spwm.o
    0x0800052a   0x0800052a   0x00000002   PAD
    0x0800052c   0x0800052c   0x0000002a   Code   RO           35    .text.SPWM_Output1L_General_Purpose_Output_High  spwm.o
    0x08000556   0x08000556   0x00000002   PAD
    0x08000558   0x08000558   0x0000002a   Code   RO           27    .text.SPWM_Output1L_General_Purpose_Output_Low  spwm.o
    0x08000582   0x08000582   0x00000002   PAD
    0x08000584   0x08000584   0x00000016   Code   RO           45    .text.SPWM_Output2H_Alternate_Function  spwm.o
    0x0800059a   0x0800059a   0x00000002   PAD
    0x0800059c   0x0800059c   0x00000024   Code   RO           29    .text.SPWM_Output2H_General_Purpose_Output_Low  spwm.o
    0x080005c0   0x080005c0   0x00000016   Code   RO           47    .text.SPWM_Output2L_Alternate_Function  spwm.o
    0x080005d6   0x080005d6   0x00000002   PAD
    0x080005d8   0x080005d8   0x00000024   Code   RO           39    .text.SPWM_Output2L_General_Purpose_Output_High  spwm.o
    0x080005fc   0x080005fc   0x00000032   Code   RO           31    .text.SPWM_Output2L_General_Purpose_Output_Low  spwm.o
    0x0800062e   0x0800062e   0x00000002   PAD
    0x08000630   0x08000630   0x000000fc   Code   RO           15    .text.SPWM_PWM_Timer_Init  spwm.o
    0x0800072c   0x0800072c   0x00000070   Code   RO           17    .text.SPWM_Sequencer_Timer_Init  spwm.o
    0x0800079c   0x0800079c   0x000000c6   Code   RO           51    .text.SPWM_Set_Val  spwm.o
    0x08000862   0x08000862   0x00000002   PAD
    0x08000864   0x08000864   0x00000150   Code   RO           23    .text.SPWM_Sine_Table_Init  spwm.o
    0x080009b4   0x080009b4   0x000000a4   Code   RO           11    .text.SPWM_Struct_Init  spwm.o
    0x08000a58   0x08000a58   0x0000016c   Code   RO           53    .text.SPWM_Update   spwm.o
    0x08000bc4   0x08000bc4   0x00000012   Code   RO           76    .text.SystemInit    system_stm32g4xx.o
    0x08000bd6   0x08000bd6   0x00000002   PAD
    0x08000bd8   0x08000bd8   0x0000002a   Code   RO           55    .text.TIM4_IRQHandler  spwm.o
    0x08000c02   0x08000c02   0x00000002   PAD
    0x08000c04   0x08000c04   0x00000030   Code   RO           19    .text.__NVIC_EnableIRQ  spwm.o
    0x08000c34   0x08000c34   0x00000042   Code   RO           21    .text.__NVIC_SetPriority  spwm.o
    0x08000c76   0x08000c76   0x00000002   PAD
    0x08000c78   0x08000c78   0x00000010   Code   RO            2    .text.main          main.o
    0x08000c88   0x08000c88   0x00000026   Code   RO          105    i.__ARM_fpclassifyf  m_wm.l(fpclassifyf.o)
    0x08000cae   0x08000cae   0x00000002   PAD
    0x08000cb0   0x08000cb0   0x00000190   Code   RO           95    i.__hardfp_sinf     m_wm.l(sinf.o)
    0x08000e40   0x08000e40   0x00000006   Code   RO          108    i.__mathlib_flt_infnan  m_wm.l(funder.o)
    0x08000e46   0x08000e46   0x00000002   PAD
    0x08000e48   0x08000e48   0x00000010   Code   RO          110    i.__mathlib_flt_invalid  m_wm.l(funder.o)
    0x08000e58   0x08000e58   0x00000010   Code   RO          113    i.__mathlib_flt_underflow  m_wm.l(funder.o)
    0x08000e68   0x08000e68   0x00000154   Code   RO          121    i.__mathlib_rredf2  m_wm.l(rredf.o)
    0x08000fbc   0x08000fbc   0x0000001a   Code   RO          215    x$fpl$fpinit        fz_wm.l(fpinit.o)
    0x08000fd6   0x08000fd6   0x00000000   Code   RO          104    x$fpl$usenofp       fz_wm.l(usenofp.o)
    0x08000fd6   0x08000fd6   0x00000002   PAD
    0x08000fd8   0x08000fd8   0x00000020   Data   RO          122    .constdata          m_wm.l(rredf.o)
    0x08000ff8   0x08000ff8   0x00000010   Data   RO          290    Region$$Table       anon$$obj.o


    Execution Region RW_IRAM1 (Exec base: 0x20000000, Load base: 0x08001008, Size: 0x00000a10, Max: 0x00008000, ABSOLUTE)

    Exec Addr    Load Addr    Size         Type   Attr      Idx    E Section Name        Object

    0x20000000        -       0x00000060   Zero   RW          145    .bss                c_w.l(libspace.o)
    0x20000060        -       0x000003ae   Zero   RW           59    .bss.SPWM           spwm.o
    0x2000040e   0x08001008   0x00000002   PAD
    0x20000410        -       0x00000200   Zero   RW           67    HEAP                startup_stm32g431xx.o
    0x20000610        -       0x00000400   Zero   RW           66    STACK               startup_stm32g431xx.o


==============================================================================

Image component sizes


      Code (inc. data)   RO Data    RW Data    ZI Data      Debug   Object Name

        16          0          0          0          0        388   main.o
      2288          8          0          0        942       9145   spwm.o
        64         26        472          0       1536        892   startup_stm32g431xx.o
        18          0          0          0          0       2758   system_stm32g4xx.o

    ----------------------------------------------------------------------
      2408         34        488          0       2480      13183   Object Totals
         0          0         16          0          0          0   (incl. Generated)
        22          0          0          0          2          0   (incl. Padding)

    ----------------------------------------------------------------------

      Code (inc. data)   RO Data    RW Data    ZI Data      Debug   Library Member Name

         8          0          0          0          0         68   __main.o
         0          0          0          0          0          0   __rtentry.o
        12          0          0          0          0          0   __rtentry2.o
         6          0          0          0          0          0   __rtentry4.o
        94          8          0          0          0          0   __scatter.o
        28          0          0          0          0          0   __scatter_zi.o
        22          0          0          0          0        100   _rserrno.o
        18          0          0          0          0         80   exit.o
         6          0          0          0          0        152   heapauxi.o
         0          0          0          0          0          0   indicate_semi.o
         2          0          0          0          0          0   libinit.o
         6          0          0          0          0          0   libinit2.o
         2          0          0          0          0          0   libshutdown.o
         2          0          0          0          0          0   libshutdown2.o
         8          4          0          0         96         68   libspace.o
         8          4          0          0          0         68   rt_errno_addr_intlibspace.o
         2          0          0          0          0          0   rtexit.o
        10          0          0          0          0          0   rtexit2.o
        12          4          0          0          0         68   sys_exit.o
        74          0          0          0          0         80   sys_stackheap_outer.o
         2          0          0          0          0         68   use_no_semi.o
        26          0          0          0          0        116   fpinit.o
         0          0          0          0          0          0   usenofp.o
        38          0          0          0          0        116   fpclassifyf.o
        38         12          0          0          0        348   funder.o
       340         24         32          0          0        160   rredf.o
       400         56          0          0          0        212   sinf.o

    ----------------------------------------------------------------------
      1176        112         32          0         96       1704   Library Totals
        12          0          0          0          0          0   (incl. Padding)

    ----------------------------------------------------------------------

      Code (inc. data)   RO Data    RW Data    ZI Data      Debug   Library Name

       322         20          0          0         96        752   c_w.l
        26          0          0          0          0        116   fz_wm.l
       816         92         32          0          0        836   m_wm.l

    ----------------------------------------------------------------------
      1176        112         32          0         96       1704   Library Totals

    ----------------------------------------------------------------------

==============================================================================


      Code (inc. data)   RO Data    RW Data    ZI Data      Debug   

      3584        146        520          0       2576      14087   Grand Totals
      3584        146        520          0       2576      14087   ELF Image Totals
      3584        146        520          0          0          0   ROM Totals

==============================================================================

    Total RO  Size (Code + RO Data)                 4104 (   4.01kB)
    Total RW  Size (RW Data + ZI Data)              2576 (   2.52kB)
    Total ROM Size (Code + RO Data + RW Data)       4104 (   4.01kB)

==============================================================================

